MPLINK 4.31, Linker
Linker Map File - Created Fri Nov 09 12:37:42 2018

                                 Section Info
                  Section       Type    Address   Location Size(Bytes)
                ---------  ---------  ---------  ---------  ---------
                   .org_0       code   0x000000    program   0x000002
                   .cinit    romdata   0x000001    program   0x000004
                   .org_1       code   0x000004    program   0x0000d8
  .config_2007_TPFINAL2.O       code   0x002007    program   0x000002



                              Program Memory Usage 
                               Start         End      
                           ---------   ---------      
                            0x000000    0x000002      
                            0x000004    0x00006f      
                            0x002007    0x002007      
            112 out of 2181 program addresses used, program memory utilization is 5%



                              Symbols - Sorted by Name
                     Name    Address   Location    Storage File                     
                ---------  ---------  ---------  --------- ---------                
                  BOTONES   0x000043    program     static C:\Users\tohmy\Desktop\arq computadoras\tpfinal2\tpfinal2.asm
                    CONFI   0x00002c    program     static C:\Users\tohmy\Desktop\arq computadoras\tpfinal2\tpfinal2.asm
                DEMORA_AR   0x000056    program     static C:\Users\tohmy\Desktop\arq computadoras\tpfinal2\tpfinal2.asm
                  FIN_T0I   0x000026    program     static C:\Users\tohmy\Desktop\arq computadoras\tpfinal2\tpfinal2.asm
                  LOOP_AR   0x000058    program     static C:\Users\tohmy\Desktop\arq computadoras\tpfinal2\tpfinal2.asm
                LOOP_AR_2   0x00005a    program     static C:\Users\tohmy\Desktop\arq computadoras\tpfinal2\tpfinal2.asm
               MOSTRAR_D2   0x000015    program     static C:\Users\tohmy\Desktop\arq computadoras\tpfinal2\tpfinal2.asm
               MOSTRAR_D3   0x00001b    program     static C:\Users\tohmy\Desktop\arq computadoras\tpfinal2\tpfinal2.asm
               MOSTRAR_D4   0x000021    program     static C:\Users\tohmy\Desktop\arq computadoras\tpfinal2\tpfinal2.asm
              TAB_DISPLAY   0x00005f    program     static C:\Users\tohmy\Desktop\arq computadoras\tpfinal2\tpfinal2.asm



                              Symbols - Sorted by Address
                     Name    Address   Location    Storage File                     
                ---------  ---------  ---------  --------- ---------                
               MOSTRAR_D2   0x000015    program     static C:\Users\tohmy\Desktop\arq computadoras\tpfinal2\tpfinal2.asm
               MOSTRAR_D3   0x00001b    program     static C:\Users\tohmy\Desktop\arq computadoras\tpfinal2\tpfinal2.asm
               MOSTRAR_D4   0x000021    program     static C:\Users\tohmy\Desktop\arq computadoras\tpfinal2\tpfinal2.asm
                  FIN_T0I   0x000026    program     static C:\Users\tohmy\Desktop\arq computadoras\tpfinal2\tpfinal2.asm
                    CONFI   0x00002c    program     static C:\Users\tohmy\Desktop\arq computadoras\tpfinal2\tpfinal2.asm
                  BOTONES   0x000043    program     static C:\Users\tohmy\Desktop\arq computadoras\tpfinal2\tpfinal2.asm
                DEMORA_AR   0x000056    program     static C:\Users\tohmy\Desktop\arq computadoras\tpfinal2\tpfinal2.asm
                  LOOP_AR   0x000058    program     static C:\Users\tohmy\Desktop\arq computadoras\tpfinal2\tpfinal2.asm
                LOOP_AR_2   0x00005a    program     static C:\Users\tohmy\Desktop\arq computadoras\tpfinal2\tpfinal2.asm
              TAB_DISPLAY   0x00005f    program     static C:\Users\tohmy\Desktop\arq computadoras\tpfinal2\tpfinal2.asm


